// Jest Snapshot v1, https://goo.gl/fbAQLP

exports[`renders correctly 1`] = `
<View
  accessible={true}
  collapsable={false}
  focusable={false}
  onClick={[Function]}
  onResponderGrant={[Function]}
  onResponderMove={[Function]}
  onResponderRelease={[Function]}
  onResponderTerminate={[Function]}
  onResponderTerminationRequest={[Function]}
  onStartShouldSetResponder={[Function]}
  style={
    Object {
      "borderColor": "white",
      "borderRadius": 4,
      "borderWidth": 1,
      "margin": 14,
      "opacity": 1,
      "padding": 6,
      "paddingHorizontal": 10,
    }
  }
>
  <Text
    style={
      Object {
        "color": "white",
      }
    }
  >
    Title
  </Text>
</View>
`;
